
> vite_react_shadcn_ts@0.0.0 test
> vitest run --watch=false


 RUN  v3.2.4 /Users/pablocabaleironoda/Downloads/time-flow-main

 ✓ src/test/example.test.ts (1 test) 1ms
 ✓ src/test/LogHours.test.tsx (1 test) 44ms
 ❯ src/test/AuthGuard.test.tsx (3 tests | 3 failed) 88ms
   × AppRoutes (Auth Guards) > renders LoginPage if user is not authenticated 38ms
     → Unable to find an element with the text: /Identificación requerida|Bienvenido/i. This could be because the text is broken up by multiple elements. In this case, you can provide a function for your text matcher to make your matcher more flexible.

Ignored nodes: comments, script, style
[36m<body>[39m
  [36m<div>[39m
    [36m<div[39m
      [33maria-label[39m=[32m"Notifications (F8)"[39m
      [33mrole[39m=[32m"region"[39m
      [33mstyle[39m=[32m"pointer-events: none;"[39m
      [33mtabindex[39m=[32m"-1"[39m
    [36m>[39m
      [36m<ol[39m
        [33mclass[39m=[32m"fixed top-0 z-[100] flex max-h-screen w-full flex-col-reverse p-4 sm:bottom-0 sm:right-0 sm:top-auto sm:flex-col md:max-w-[420px]"[39m
        [33mtabindex[39m=[32m"-1"[39m
      [36m/>[39m
    [36m</div>[39m
    [36m<section[39m
      [33maria-atomic[39m=[32m"false"[39m
      [33maria-label[39m=[32m"Notifications alt+T"[39m
      [33maria-live[39m=[32m"polite"[39m
      [33maria-relevant[39m=[32m"additions text"[39m
      [33mtabindex[39m=[32m"-1"[39m
    [36m/>[39m
    [36m<div[39m
      [33mclass[39m=[32m"min-h-screen flex items-center justify-center bg-background p-4"[39m
    [36m>[39m
      [36m<div[39m
        [33mclass[39m=[32m"rounded-lg border bg-card text-card-foreground shadow-sm w-full max-w-sm"[39m
      [36m>[39m
        [36m<div[39m
          [33mclass[39m=[32m"flex flex-col space-y-1.5 p-6 text-center"[39m
        [36m>[39m
          [36m<div[39m
            [33mclass[39m=[32m"mx-auto mb-2 flex h-12 w-12 items-center justify-center rounded-xl bg-primary"[39m
          [36m>[39m
            [36m<svg[39m
              [33mclass[39m=[32m"lucide lucide-clock h-6 w-6 text-primary-foreground"[39m
              [33mfill[39m=[32m"none"[39m
              [33mheight[39m=[32m"24"[39m
              [33mstroke[39m=[32m"currentColor"[39m
              [33mstroke-linecap[39m=[32m"round"[39m
              [33mstroke-linejoin[39m=[32m"round"[39m
              [33mstroke-width[39m=[32m"2"[39m
              [33mviewBox[39m=[32m"0 0 24 24"[39m
              [33mwidth[39m=[32m"24"[39m
              [33mxmlns[39m=[32m"http://www.w3.org/2000/svg"[39m
            [36m>[39m
              [36m<circle[39m
                [33mcx[39m=[32m"12"[39m
                [33mcy[39m=[32m"12"[39m
                [33mr[39m=[32m"10"[39m
              [36m/>[39m
              [36m<polyline[39m
                [33mpoints[39m=[32m"12 6 12 12 16 14"[39m
              [36m/>[39m
            [36m</svg>[39m
          [36m</div>[39m
          [36m<h3[39m
            [33mclass[39m=[32m"font-semibold tracking-tight text-xl"[39m
          [36m>[39m
            [0mControl Horario[0m
          [36m</h3>[39m
          [36m<p[39m
            [33mclass[39m=[32m"text-sm text-muted-foreground"[39m
          [36m>[39m
            [0mInicia sesión para registrar tus horas[0m
          [36m</p>[39m
        [36m</div>[39m
        [36m<div[39m
          [33mclass[39m=[32m"p-6 pt-0"[39m
        [36m>[39m
          [36m<div[39m
            [33mclass[39m=[32m"flex mb-4 rounded-lg bg-muted p-1 gap-1"[39m
          [36m>[39m
            [36m<button[39m
              [33mclass[39m=[32m"flex-1 text-sm py-2 rounded-md font-medium transition-colors bg-card text-foreground shadow-sm"[39m
            [36m>[39m
              [0mEmpleado[0m
            [36m</button>[39m
            [36m<button[39m
              [33mclass[39m=[32m"flex-1 text-sm py-2 rounded-md font-medium transition-colors text-muted-foreground"[39m
            [36m>[39m
              [0mAdministrador[0m
            [36m</button>[39m
          [36m</div>[39m
          [36m<form[39m
            [33mclass[39m=[32m"space-y-3"[39m
          [36m>[39m
            [36m<input[39m
              [33mclass[39m=[32m"flex h-10 w-full rounded-md border border-input bg-background px-3 py-2 text-base ring-offset-background file:border-0 file:bg-transparent file:text-sm file:font-medium file:text-foreground placeholder:text-muted-foreground focus-visible:outline-none focus-visible:ring-2 focus-visible:ring-ring focus-visible:ring-offset-2 disabled:cursor-not-allowed disabled:opacity-50 md:text-sm"[39m
              [33mplaceholder[39m=[32m"Nombre"[39m
              [33mrequired[39m=[32m""[39m
              [33mvalue[39m=[32m""[39m
            [36m/>[39m
            [36m<input[39m
              [33mclass[39m=[32m"flex h-10 w-full rounded-md border border-input bg-background px-3 py-2 text-base ring-offset-background file:border-0 file:bg-transparent file:text-sm file:font-medium file:text-foreground placeholder:text-muted-foreground focus-visible:outline-none focus-visible:ring-2 focus-visible:ring-ring focus-visible:ring-offset-2 disabled:cursor-not-allowed disabled:opacity-50 md:text-sm"[39m
              [33mplaceholder[39m=[32m"Contraseña"[39m
              [33mrequired[39m=[32m""[39m
              [33mtype[39m=[32m"password"[39m
              [33mvalue[39m=[32m""[39m
            [36m/>[39m
            [36m<button[39m
              [33mclass[39m=[32m"inline-flex items-center justify-center gap-2 whitespace-nowrap rounded-md text-sm font-medium ring-offset-background transition-colors focus-visible:outline-none focus-visible:ring-2 focus-visible:ring-ring focus-visible:ring-offset-2 disabled:pointer-events-none disabled:opacity-50 [&_svg]:pointer-events-none [&_svg]:size-4 [&_svg]:shrink-0 bg-primary text-primary-foreground hover:bg-primary/90 h-10 px-4 py-2 w-full"[39m
              [33mtype[39m=[32m"submit"[39m
            [36m>[39m
              [0mIniciar Sesión[0m
            [36m</button>[39m
          [36m</form>[39m
        [36m</div>[39m
      [36m</div>[39m
    [36m</div>[39m
  [36m</div>[39m
[36m</body>[39m
   × AppRoutes (Auth Guards) > renders User dashboard (LogHours) for standard users on root 34ms
     → Found multiple elements with the text: /Registrar Horas|Fichaje Diario/i

Here are the matching elements:

Ignored nodes: comments, script, style
[36m<span>[39m
  [0mRegistrar Horas[0m
[36m</span>[39m

Ignored nodes: comments, script, style
[36m<h1[39m
  [33mclass[39m=[32m"text-2xl font-semibold"[39m
[36m>[39m
  [0mRegistrar Horas[0m
[36m</h1>[39m

(If this is intentional, then use the `*AllBy*` variant of the query (like `queryAllByText`, `getAllByText`, or `findAllByText`)).

Ignored nodes: comments, script, style
[36m<body>[39m
  [36m<div>[39m
    [36m<div[39m
      [33maria-label[39m=[32m"Notifications (F8)"[39m
      [33mrole[39m=[32m"region"[39m
      [33mstyle[39m=[32m"pointer-events: none;"[39m
      [33mtabindex[39m=[32m"-1"[39m
    [36m>[39m
      [36m<ol[39m
        [33mclass[39m=[32m"fixed top-0 z-[100] flex max-h-screen w-full flex-col-reverse p-4 sm:bottom-0 sm:right-0 sm:top-auto sm:flex-col md:max-w-[420px]"[39m
        [33mtabindex[39m=[32m"-1"[39m
      [36m/>[39m
    [36m</div>[39m
    [36m<section[39m
      [33maria-atomic[39m=[32m"false"[39m
      [33maria-label[39m=[32m"Notifications alt+T"[39m
      [33maria-live[39m=[32m"polite"[39m
      [33maria-relevant[39m=[32m"additions text"[39m
      [33mtabindex[39m=[32m"-1"[39m
    [36m/>[39m
    [36m<div[39m
      [33mclass[39m=[32m"group/sidebar-wrapper flex min-h-svh w-full has-[[data-variant=inset]]:bg-sidebar"[39m
      [33mstyle[39m=[32m"--sidebar-width: 16rem; --sidebar-width-icon: 3rem;"[39m
    [36m>[39m
      [36m<div[39m
        [33mclass[39m=[32m"min-h-screen flex w-full"[39m
      [36m>[39m
        [36m<div[39m
          [33mclass[39m=[32m"group peer hidden text-sidebar-foreground md:block"[39m
          [33mdata-collapsible[39m=[32m""[39m
          [33mdata-side[39m=[32m"left"[39m
          [33mdata-state[39m=[32m"expanded"[39m
          [33mdata-variant[39m=[32m"sidebar"[39m
        [36m>[39m
          [36m<div[39m
            [33mclass[39m=[32m"relative h-svh w-[--sidebar-width] bg-transparent transition-[width] duration-200 ease-linear group-data-[collapsible=offcanvas]:w-0 group-data-[side=right]:rotate-180 group-data-[collapsible=icon]:w-[--sidebar-width-icon]"[39m
          [36m/>[39m
          [36m<div[39m
            [33mclass[39m=[32m"fixed inset-y-0 z-10 hidden h-svh w-[--sidebar-width] transition-[left,right,width] duration-200 ease-linear md:flex left-0 group-data-[collapsible=offcanvas]:left-[calc(var(--sidebar-width)*-1)] group-data-[collapsible=icon]:w-[--sidebar-width-icon] group-data-[side=left]:border-r group-data-[side=right]:border-l"[39m
          [36m>[39m
            [36m<div[39m
              [33mclass[39m=[32m"flex h-full w-full flex-col bg-sidebar group-data-[variant=floating]:rounded-lg group-data-[variant=floating]:border group-data-[variant=floating]:border-sidebar-border group-data-[variant=floating]:shadow"[39m
              [33mdata-sidebar[39m=[32m"sidebar"[39m
            [36m>[39m
              [36m<div[39m
                [33mclass[39m=[32m"flex min-h-0 flex-1 flex-col gap-2 overflow-auto group-data-[collapsible=icon]:overflow-hidden"[39m
                [33mdata-sidebar[39m=[32m"content"[39m
              [36m>[39m
                [36m<div[39m
                  [33mclass[39m=[32m"relative flex w-full min-w-0 flex-col p-2"[39m
                  [33mdata-sidebar[39m=[32m"group"[39m
                [36m>[39m
                  [36m<div[39m
                    [33mclass[39m=[32m"flex h-8 shrink-0 items-center rounded-md px-2 text-xs font-medium text-sidebar-foreground/70 outline-none ring-sidebar-ring transition-[margin,opa] duration-200 ease-linear focus-visible:ring-2 [&>svg]:size-4 [&>svg]:shrink-0 group-data-[collapsible=icon]:-mt-8 group-data-[collapsible=icon]:opacity-0"[39m
                    [33mdata-sidebar[39m=[32m"group-label"[39m
                  [36m>[39m
                    [36m<span[39m
                      [33mclass[39m=[32m"text-xs font-semibold tracking-wider uppercase"[39m
                    [36m>[39m
                      [0mControl Horario[0m
                    [36m</span>[39m
                  [36m</div>[39m
                  [36m<div[39m
                    [33mclass[39m=[32m"w-full text-sm"[39m
                    [33mdata-sidebar[39m=[32m"group-content"[39m
                  [36m>[39m
                    [36m<ul[39m
                      [33mclass[39m=[32m"flex w-full min-w-0 flex-col gap-1"[39m
                      [33mdata-sidebar[39m=[32m"menu"[39m
                    [36m>[39m
                      [36m<li[39m
                        [33mclass[39m=[32m"group/menu-item relative"[39m
                        [33mdata-sidebar[39m=[32m"menu-item"[39m
                      [36m>[39m
                        [36m<a[39m
                          [33maria-current[39m=[32m"page"[39m
                          [33mclass[39m=[32m"peer/menu-button flex w-full items-center gap-2 overflow-hidden rounded-md p-2 text-left outline-none ring-sidebar-ring focus-visible:ring-2 active:bg-sidebar-accent active:text-sidebar-accent-foreground disabled:pointer-events-none disabled:opacity-50 group-has-[[data-sidebar=menu-action]]/menu-item:pr-8 aria-disabled:pointer-events-none aria-disabled:opacity-50 data-[active=true]:bg-sidebar-accent data-[active=true]:font-medium data-[active=true]:text-sidebar-accent-foreground data-[state=open]:hover:bg-sidebar-accent data-[state=open]:hover:text-sidebar-accent-foreground group-data-[collapsible=icon]:!size-8 group-data-[collapsible=icon]:!p-2 [&>span:last-child]:truncate [&>svg]:size-4 [&>svg]:shrink-0 hover:text-sidebar-accent-foreground h-8 text-sm hover:bg-sidebar-accent/50 transition-colors bg-sidebar-accent text-sidebar-accent-foreground font-medium"[39m
                          [33mdata-active[39m=[32m"false"[39m
                          [33mdata-sidebar[39m=[32m"menu-button"[39m
                          [33mdata-size[39m=[32m"default"[39m
                          [33mhref[39m=[32m"/"[39m
                        [36m>[39m
                          [36m<svg[39m
                            [33mclass[39m=[32m"lucide lucide-clock mr-2 h-4 w-4 shrink-0"[39m
                            [33mfill[39m=[32m"none"[39m
                            [33mheight[39m=[32m"24"[39m
                            [33mstroke[39m=[32m"currentColor"[39m
                            [33mstroke-linecap[39m=[32m"round"[39m
                            [33mstroke-linejoin[39m=[32m"round"[39m
                            [33mstroke-width[39m=[32m"2"[39m
                            [33mviewBox[39m=[32m"0 0 24 24"[39m
                            [33mwidth[39m=[32m"24"[39m
                            [33mxmlns[39m=[32m"http://www.w3.org/2000/svg"[39m
                          [36m>[39m
                            [36m<circle[39m
                              [33mcx[39m=[32m"12"[39m
                              [33mcy[39m=[32m"12"[39m
                              [33mr[39m=[32m"10"[39m
                            [36m/>[39m
                            [36m<polyline[39m
                              [33mpoints[39m=[32m"12 6 12 12 16 14"[39m
                            [36m/>[39m
                          [36m</svg>[39m
                ...
   × AppRoutes (Auth Guards) > renders Admin dashboard for admin users on root 15ms
     → Unable to find an element with the text: /Panel de Control|Resumen General/i. This could be because the text is broken up by multiple elements. In this case, you can provide a function for your text matcher to make your matcher more flexible.

Ignored nodes: comments, script, style
[36m<body>[39m
  [36m<div>[39m
    [36m<div[39m
      [33maria-label[39m=[32m"Notifications (F8)"[39m
      [33mrole[39m=[32m"region"[39m
      [33mstyle[39m=[32m"pointer-events: none;"[39m
      [33mtabindex[39m=[32m"-1"[39m
    [36m>[39m
      [36m<ol[39m
        [33mclass[39m=[32m"fixed top-0 z-[100] flex max-h-screen w-full flex-col-reverse p-4 sm:bottom-0 sm:right-0 sm:top-auto sm:flex-col md:max-w-[420px]"[39m
        [33mtabindex[39m=[32m"-1"[39m
      [36m/>[39m
    [36m</div>[39m
    [36m<section[39m
      [33maria-atomic[39m=[32m"false"[39m
      [33maria-label[39m=[32m"Notifications alt+T"[39m
      [33maria-live[39m=[32m"polite"[39m
      [33maria-relevant[39m=[32m"additions text"[39m
      [33mtabindex[39m=[32m"-1"[39m
    [36m/>[39m
    [36m<div[39m
      [33mclass[39m=[32m"group/sidebar-wrapper flex min-h-svh w-full has-[[data-variant=inset]]:bg-sidebar"[39m
      [33mstyle[39m=[32m"--sidebar-width: 16rem; --sidebar-width-icon: 3rem;"[39m
    [36m>[39m
      [36m<div[39m
        [33mclass[39m=[32m"min-h-screen flex w-full"[39m
      [36m>[39m
        [36m<div[39m
          [33mclass[39m=[32m"group peer hidden text-sidebar-foreground md:block"[39m
          [33mdata-collapsible[39m=[32m""[39m
          [33mdata-side[39m=[32m"left"[39m
          [33mdata-state[39m=[32m"expanded"[39m
          [33mdata-variant[39m=[32m"sidebar"[39m
        [36m>[39m
          [36m<div[39m
            [33mclass[39m=[32m"relative h-svh w-[--sidebar-width] bg-transparent transition-[width] duration-200 ease-linear group-data-[collapsible=offcanvas]:w-0 group-data-[side=right]:rotate-180 group-data-[collapsible=icon]:w-[--sidebar-width-icon]"[39m
          [36m/>[39m
          [36m<div[39m
            [33mclass[39m=[32m"fixed inset-y-0 z-10 hidden h-svh w-[--sidebar-width] transition-[left,right,width] duration-200 ease-linear md:flex left-0 group-data-[collapsible=offcanvas]:left-[calc(var(--sidebar-width)*-1)] group-data-[collapsible=icon]:w-[--sidebar-width-icon] group-data-[side=left]:border-r group-data-[side=right]:border-l"[39m
          [36m>[39m
            [36m<div[39m
              [33mclass[39m=[32m"flex h-full w-full flex-col bg-sidebar group-data-[variant=floating]:rounded-lg group-data-[variant=floating]:border group-data-[variant=floating]:border-sidebar-border group-data-[variant=floating]:shadow"[39m
              [33mdata-sidebar[39m=[32m"sidebar"[39m
            [36m>[39m
              [36m<div[39m
                [33mclass[39m=[32m"flex min-h-0 flex-1 flex-col gap-2 overflow-auto group-data-[collapsible=icon]:overflow-hidden"[39m
                [33mdata-sidebar[39m=[32m"content"[39m
              [36m>[39m
                [36m<div[39m
                  [33mclass[39m=[32m"relative flex w-full min-w-0 flex-col p-2"[39m
                  [33mdata-sidebar[39m=[32m"group"[39m
                [36m>[39m
                  [36m<div[39m
                    [33mclass[39m=[32m"flex h-8 shrink-0 items-center rounded-md px-2 text-xs font-medium text-sidebar-foreground/70 outline-none ring-sidebar-ring transition-[margin,opa] duration-200 ease-linear focus-visible:ring-2 [&>svg]:size-4 [&>svg]:shrink-0 group-data-[collapsible=icon]:-mt-8 group-data-[collapsible=icon]:opacity-0"[39m
                    [33mdata-sidebar[39m=[32m"group-label"[39m
                  [36m>[39m
                    [36m<span[39m
                      [33mclass[39m=[32m"text-xs font-semibold tracking-wider uppercase"[39m
                    [36m>[39m
                      [0mPanel Admin[0m
                    [36m</span>[39m
                  [36m</div>[39m
                  [36m<div[39m
                    [33mclass[39m=[32m"w-full text-sm"[39m
                    [33mdata-sidebar[39m=[32m"group-content"[39m
                  [36m>[39m
                    [36m<ul[39m
                      [33mclass[39m=[32m"flex w-full min-w-0 flex-col gap-1"[39m
                      [33mdata-sidebar[39m=[32m"menu"[39m
                    [36m>[39m
                      [36m<li[39m
                        [33mclass[39m=[32m"group/menu-item relative"[39m
                        [33mdata-sidebar[39m=[32m"menu-item"[39m
                      [36m>[39m
                        [36m<a[39m
                          [33maria-current[39m=[32m"page"[39m
                          [33mclass[39m=[32m"peer/menu-button flex w-full items-center gap-2 overflow-hidden rounded-md p-2 text-left outline-none ring-sidebar-ring focus-visible:ring-2 active:bg-sidebar-accent active:text-sidebar-accent-foreground disabled:pointer-events-none disabled:opacity-50 group-has-[[data-sidebar=menu-action]]/menu-item:pr-8 aria-disabled:pointer-events-none aria-disabled:opacity-50 data-[active=true]:bg-sidebar-accent data-[active=true]:font-medium data-[active=true]:text-sidebar-accent-foreground data-[state=open]:hover:bg-sidebar-accent data-[state=open]:hover:text-sidebar-accent-foreground group-data-[collapsible=icon]:!size-8 group-data-[collapsible=icon]:!p-2 [&>span:last-child]:truncate [&>svg]:size-4 [&>svg]:shrink-0 hover:text-sidebar-accent-foreground h-8 text-sm hover:bg-sidebar-accent/50 transition-colors bg-sidebar-accent text-sidebar-accent-foreground font-medium"[39m
                          [33mdata-active[39m=[32m"false"[39m
                          [33mdata-sidebar[39m=[32m"menu-button"[39m
                          [33mdata-size[39m=[32m"default"[39m
                          [33mhref[39m=[32m"/"[39m
                        [36m>[39m
                          [36m<svg[39m
                            [33mclass[39m=[32m"lucide lucide-layout-dashboard mr-2 h-4 w-4 shrink-0"[39m
                            [33mfill[39m=[32m"none"[39m
                            [33mheight[39m=[32m"24"[39m
                            [33mstroke[39m=[32m"currentColor"[39m
                            [33mstroke-linecap[39m=[32m"round"[39m
                            [33mstroke-linejoin[39m=[32m"round"[39m
                            [33mstroke-width[39m=[32m"2"[39m
                            [33mviewBox[39m=[32m"0 0 24 24"[39m
                            [33mwidth[39m=[32m"24"[39m
                            [33mxmlns[39m=[32m"http://www.w3.org/2000/svg"[39m
                          [36m>[39m
                            [36m<rect[39m
                              [33mheight[39m=[32m"9"[39m
                              [33mrx[39m=[32m"1"[39m
                              [33mwidth[39m=[32m"7"[39m
                              [33mx[39m=[32m"3"[39m
                              [33my[39m=[32m"3"[39m
                            [36m/>[39m
                            [36m<rect[39m
                              [33mheight[39m=[32m"5"[3...
 ❯ src/test/UsersPage.test.tsx (2 tests | 1 failed) 1094ms
   ✓ UsersPage > renders standard table headers 26ms
   × UsersPage > opens create modal with correct fields and creates a user with employee_code 1068ms
     → Found multiple elements with the text: Crear Usuario

Here are the matching elements:

Ignored nodes: comments, script, style
[36m<h2[39m
  [33mclass[39m=[32m"text-lg font-semibold leading-none tracking-tight"[39m
  [33mid[39m=[32m"radix-:r4:"[39m
[36m>[39m
  [0mCrear Usuario[0m
[36m</h2>[39m

Ignored nodes: comments, script, style
[36m<button[39m
  [33mclass[39m=[32m"inline-flex items-center justify-center gap-2 whitespace-nowrap rounded-md text-sm font-medium ring-offset-background transition-colors focus-visible:outline-none focus-visible:ring-2 focus-visible:ring-ring focus-visible:ring-offset-2 disabled:pointer-events-none disabled:opacity-50 [&_svg]:pointer-events-none [&_svg]:size-4 [&_svg]:shrink-0 bg-primary text-primary-foreground hover:bg-primary/90 h-10 px-4 py-2 w-full"[39m
[36m>[39m
  [0mCrear Usuario[0m
[36m</button>[39m

(If this is intentional, then use the `*AllBy*` variant of the query (like `queryAllByText`, `getAllByText`, or `findAllByText`)).

Ignored nodes: comments, script, style
[36m<body[39m
  [33mdata-scroll-locked[39m=[32m"1"[39m
  [33mstyle[39m=[32m"pointer-events: none;"[39m
[36m>[39m
  [36m<span[39m
    [33maria-hidden[39m=[32m"true"[39m
    [33mdata-aria-hidden[39m=[32m"true"[39m
    [33mdata-radix-focus-guard[39m=[32m""[39m
    [33mstyle[39m=[32m"outline: none; opacity: 0; position: fixed; pointer-events: none;"[39m
    [33mtabindex[39m=[32m"0"[39m
  [36m/>[39m
  [36m<div[39m
    [33maria-hidden[39m=[32m"true"[39m
    [33mdata-aria-hidden[39m=[32m"true"[39m
  [36m>[39m
    [36m<div>[39m
      [36m<div[39m
        [33mclass[39m=[32m"flex items-center justify-between mb-6"[39m
      [36m>[39m
        [36m<div[39m
          [33mclass[39m=[32m"flex items-center gap-2"[39m
        [36m>[39m
          [36m<svg[39m
            [33mclass[39m=[32m"lucide lucide-users h-5 w-5 text-primary"[39m
            [33mfill[39m=[32m"none"[39m
            [33mheight[39m=[32m"24"[39m
            [33mstroke[39m=[32m"currentColor"[39m
            [33mstroke-linecap[39m=[32m"round"[39m
            [33mstroke-linejoin[39m=[32m"round"[39m
            [33mstroke-width[39m=[32m"2"[39m
            [33mviewBox[39m=[32m"0 0 24 24"[39m
            [33mwidth[39m=[32m"24"[39m
            [33mxmlns[39m=[32m"http://www.w3.org/2000/svg"[39m
          [36m>[39m
            [36m<path[39m
              [33md[39m=[32m"M16 21v-2a4 4 0 0 0-4-4H6a4 4 0 0 0-4 4v2"[39m
            [36m/>[39m
            [36m<circle[39m
              [33mcx[39m=[32m"9"[39m
              [33mcy[39m=[32m"7"[39m
              [33mr[39m=[32m"4"[39m
            [36m/>[39m
            [36m<path[39m
              [33md[39m=[32m"M22 21v-2a4 4 0 0 0-3-3.87"[39m
            [36m/>[39m
            [36m<path[39m
              [33md[39m=[32m"M16 3.13a4 4 0 0 1 0 7.75"[39m
            [36m/>[39m
          [36m</svg>[39m
          [36m<h1[39m
            [33mclass[39m=[32m"text-2xl font-semibold"[39m
          [36m>[39m
            [0mUsuarios[0m
          [36m</h1>[39m
        [36m</div>[39m
        [36m<button[39m
          [33maria-controls[39m=[32m"radix-:r3:"[39m
          [33maria-expanded[39m=[32m"true"[39m
          [33maria-haspopup[39m=[32m"dialog"[39m
          [33mclass[39m=[32m"inline-flex items-center justify-center whitespace-nowrap text-sm font-medium ring-offset-background transition-colors focus-visible:outline-none focus-visible:ring-2 focus-visible:ring-ring focus-visible:ring-offset-2 disabled:pointer-events-none disabled:opacity-50 [&_svg]:pointer-events-none [&_svg]:size-4 [&_svg]:shrink-0 bg-primary text-primary-foreground hover:bg-primary/90 h-9 rounded-md px-3 gap-1.5"[39m
          [33mdata-state[39m=[32m"open"[39m
          [33mtype[39m=[32m"button"[39m
        [36m>[39m
          [36m<svg[39m
            [33mclass[39m=[32m"lucide lucide-plus h-4 w-4"[39m
            [33mfill[39m=[32m"none"[39m
            [33mheight[39m=[32m"24"[39m
            [33mstroke[39m=[32m"currentColor"[39m
            [33mstroke-linecap[39m=[32m"round"[39m
            [33mstroke-linejoin[39m=[32m"round"[39m
            [33mstroke-width[39m=[32m"2"[39m
            [33mviewBox[39m=[32m"0 0 24 24"[39m
            [33mwidth[39m=[32m"24"[39m
            [33mxmlns[39m=[32m"http://www.w3.org/2000/svg"[39m
          [36m>[39m
            [36m<path[39m
              [33md[39m=[32m"M5 12h14"[39m
            [36m/>[39m
            [36m<path[39m
              [33md[39m=[32m"M12 5v14"[39m
            [36m/>[39m
          [36m</svg>[39m
          [0mAñadir Usuario[0m
        [36m</button>[39m
      [36m</div>[39m
      [36m<div[39m
        [33mclass[39m=[32m"rounded-lg border bg-card text-card-foreground shadow-sm"[39m
      [36m>[39m
        [36m<div[39m
          [33mclass[39m=[32m"p-0"[39m
        [36m>[39m
          [36m<div[39m
            [33mclass[39m=[32m"relative w-full overflow-auto"[39m
          [36m>[39m
            [36m<table[39m
              [33mclass[39m=[32m"w-full caption-bottom text-sm"[39m
            [36m>[39m
              [36m<thead[39m
                [33mclass[39m=[32m"[&_tr]:border-b"[39m
              [36m>[39m
                [36m<tr[39m
                  [33mclass[39m=[32m"border-b transition-colors data-[state=selected]:bg-muted hover:bg-muted/50"[39m
                [36m>[39m
                  [36m<th[39m
                    [33mclass[39m=[32m"h-12 px-4 text-left align-middle font-medium text-muted-foreground [&:has([role=checkbox])]:pr-0"[39m
                  [36m>[39m
                    [0mNombre[0m
                  [36m</th>[39m
                  [36m<th[39m
                    [33mclass[39m=[32m"h-12 px-4 text-left align-middle font-medium text-muted-foreground [&:has([role=checkbox])]:pr-0"[39m
                  [36m>[39m
                    [0mDomicilio[0m
                  [36m</th>[39m
                  [36m<th[39m
                    [33mclass[39m=[32m"h-12 px-4 text-left align-middle font-medium text-muted-foreground [&:has([role=checkbox])]:pr-0"[39m
                  [36m>[39m
                    [0mRol[0m
                  [36m</th>[39m
                  [36m<th[39m
                    [33mclass[39m=[32m"h-12 px-4 text-left align-middle font-medium text-muted-foreground [&:has([role=checkbox])]:pr-0 w-16"[39m
                  [36m/>[39m
                [36m</tr>[39m
              [36m</thead>[39m
              [36m<tbody[39m
                [33mclass[39m=[32m"[&_tr:last-child]:border-0"[39m
              [36m/>[39m
            [36m</table>[39m
          [36m</div>[39m
        [36m</div>[39m
      [36m</div>[39m
    [36m</div>[39m
  [36m</div>[39m
  [36m<div[39m
    [33maria-hidden[39m=[32m"true"[39m
    [33mclass[39m=[32m"fixed inset-0 z-50 bg-black/80 data-[state=open]:animate-in data-[state=closed]:animate-out data-[state=closed]:fade-out-0 data-[state=open]:fade-in-0"[39m
    [33mdata-aria-hidden[39m=[32m"true"[39m
    [33mdata-state[39m=[32m"open"[39m
    [33mstyle[39m=[32m"pointer-events: auto;"[39m
  [36m/>[39m
  [36m<div[39m
    [33maria-describedby[39m=[32m"radix-:r5:"[39m
    [33maria-labelledby[39m=[32m"radix-:r4:"[39m
    [33mclass[39m=[32m"fixed left-[50%] top-[50%] z-50 grid w-full max-w-lg translate-x-[-50%] translate-y-[-50%] gap-4 border bg-background p-6 shadow-lg duration-200 data-[state=open]:animate-in data-[state=closed]:animate-out data-[state=closed]:fade-out-0 data-[state=open]:fade-in-0 data-[state=closed]:zoom-out-95 data-[state=open]:zoom-in-95 data-[state=closed]:slide-out-to-left-1/2 data-[state=closed]:slide-out-to-top-[48%] data-[state=open]:slide-in-from-left-1/2 data-[state=open]:slide-in-from-top-[48%] sm:rounded-lg"[39m
    [33mdat...

Ignored nodes: comments, script, style
[36m<body[39m
  [33mdata-scroll-locked[39m=[32m"1"[39m
  [33mstyle[39m=[32m"pointer-events: none;"[39m
[36m>[39m
  [36m<span[39m
    [33maria-hidden[39m=[32m"true"[39m
    [33mdata-aria-hidden[39m=[32m"true"[39m
    [33mdata-radix-focus-guard[39m=[32m""[39m
    [33mstyle[39m=[32m"outline: none; opacity: 0; position: fixed; pointer-events: none;"[39m
    [33mtabindex[39m=[32m"0"[39m
  [36m/>[39m
  [36m<div[39m
    [33maria-hidden[39m=[32m"true"[39m
    [33mdata-aria-hidden[39m=[32m"true"[39m
  [36m>[39m
    [36m<div>[39m
      [36m<div[39m
        [33mclass[39m=[32m"flex items-center justify-between mb-6"[39m
      [36m>[39m
        [36m<div[39m
          [33mclass[39m=[32m"flex items-center gap-2"[39m
        [36m>[39m
          [36m<svg[39m
            [33mclass[39m=[32m"lucide lucide-users h-5 w-5 text-primary"[39m
            [33mfill[39m=[32m"none"[39m
            [33mheight[39m=[32m"24"[39m
            [33mstroke[39m=[32m"currentColor"[39m
            [33mstroke-linecap[39m=[32m"round"[39m
            [33mstroke-linejoin[39m=[32m"round"[39m
            [33mstroke-width[39m=[32m"2"[39m
            [33mviewBox[39m=[32m"0 0 24 24"[39m
            [33mwidth[39m=[32m"24"[39m
            [33mxmlns[39m=[32m"http://www.w3.org/2000/svg"[39m
          [36m>[39m
            [36m<path[39m
              [33md[39m=[32m"M16 21v-2a4 4 0 0 0-4-4H6a4 4 0 0 0-4 4v2"[39m
            [36m/>[39m
            [36m<circle[39m
              [33mcx[39m=[32m"9"[39m
              [33mcy[39m=[32m"7"[39m
              [33mr[39m=[32m"4"[39m
            [36m/>[39m
            [36m<path[39m
              [33md[39m=[32m"M22 21v-2a4 4 0 0 0-3-3.87"[39m
            [36m/>[39m
            [36m<path[39m
              [33md[39m=[32m"M16 3.13a4 4 0 0 1 0 7.75"[39m
            [36m/>[39m
          [36m</svg>[39m
          [36m<h1[39m
            [33mclass[39m=[32m"text-2xl font-semibold"[39m
          [36m>[39m
            [0mUsuarios[0m
          [36m</h1>[39m
        [36m</div>[39m
        [36m<button[39m
          [33maria-controls[39m=[32m"radix-:r3:"[39m
          [33maria-expanded[39m=[32m"true"[39m
          [33maria-haspopup[39m=[32m"dialog"[39m
          [33mclass[39m=[32m"inline-flex items-center justify-center whitespace-nowrap text-sm font-medium ring-offset-background transition-colors focus-visible:outline-none focus-visible:ring-2 focus-visible:ring-ring focus-visible:ring-offset-2 disabled:pointer-events-none disabled:opacity-50 [&_svg]:pointer-events-none [&_svg]:size-4 [&_svg]:shrink-0 bg-primary text-primary-foreground hover:bg-primary/90 h-9 rounded-md px-3 gap-1.5"[39m
          [33mdata-state[39m=[32m"open"[39m
          [33mtype[39m=[32m"button"[39m
        [36m>[39m
          [36m<svg[39m
            [33mclass[39m=[32m"lucide lucide-plus h-4 w-4"[39m
            [33mfill[39m=[32m"none"[39m
            [33mheight[39m=[32m"24"[39m
            [33mstroke[39m=[32m"currentColor"[39m
            [33mstroke-linecap[39m=[32m"round"[39m
            [33mstroke-linejoin[39m=[32m"round"[39m
            [33mstroke-width[39m=[32m"2"[39m
            [33mviewBox[39m=[32m"0 0 24 24"[39m
            [33mwidth[39m=[32m"24"[39m
            [33mxmlns[39m=[32m"http://www.w3.org/2000/svg"[39m
          [36m>[39m
            [36m<path[39m
              [33md[39m=[32m"M5 12h14"[39m
            [36m/>[39m
            [36m<path[39m
              [33md[39m=[32m"M12 5v14"[39m
            [36m/>[39m
          [36m</svg>[39m
          [0mAñadir Usuario[0m
        [36m</button>[39m
      [36m</div>[39m
      [36m<div[39m
        [33mclass[39m=[32m"rounded-lg border bg-card text-card-foreground shadow-sm"[39m
      [36m>[39m
        [36m<div[39m
          [33mclass[39m=[32m"p-0"[39m
        [36m>[39m
          [36m<div[39m
            [33mclass[39m=[32m"relative w-full overflow-auto"[39m
          [36m>[39m
            [36m<table[39m
              [33mclass[39m=[32m"w-full caption-bottom text-sm"[39m
            [36m>[39m
              [36m<thead[39m
                [33mclass[39m=[32m"[&_tr]:border-b"[39m
              [36m>[39m
                [36m<tr[39m
                  [33mclass[39m=[32m"border-b transition-colors data-[state=selected]:bg-muted hover:bg-muted/50"[39m
                [36m>[39m
                  [36m<th[39m
                    [33mclass[39m=[32m"h-12 px-4 text-left align-middle font-medium text-muted-foreground [&:has([role=checkbox])]:pr-0"[39m
                  [36m>[39m
                    [0mNombre[0m
                  [36m</th>[39m
                  [36m<th[39m
                    [33mclass[39m=[32m"h-12 px-4 text-left align-middle font-medium text-muted-foreground [&:has([role=checkbox])]:pr-0"[39m
                  [36m>[39m
                    [0mDomicilio[0m
                  [36m</th>[39m
                  [36m<th[39m
                    [33mclass[39m=[32m"h-12 px-4 text-left align-middle font-medium text-muted-foreground [&:has([role=checkbox])]:pr-0"[39m
                  [36m>[39m
                    [0mRol[0m
                  [36m</th>[39m
                  [36m<th[39m
                    [33mclass[39m=[32m"h-12 px-4 text-left align-middle font-medium text-muted-foreground [&:has([role=checkbox])]:pr-0 w-16"[39m
                  [36m/>[39m
                [36m</tr>[39m
              [36m</thead>[39m
              [36m<tbody[39m
                [33mclass[39m=[32m"[&_tr:last-child]:border-0"[39m
              [36m/>[39m
            [36m</table>[39m
          [36m</div>[39m
        [36m</div>[39m
      [36m</div>[39m
    [36m</div>[39m
  [36m</div>[39m
  [36m<div[39m
    [33maria-hidden[39m=[32m"true"[39m
    [33mclass[39m=[32m"fixed inset-0 z-50 bg-black/80 data-[state=open]:animate-in data-[state=closed]:animate-out data-[state=closed]:fade-out-0 data-[state=open]:fade-in-0"[39m
    [33mdata-aria-hidden[39m=[32m"true"[39m
    [33mdata-state[39m=[32m"open"[39m
    [33mstyle[39m=[32m"pointer-events: auto;"[39m
  [36m/>[39m
  [36m<div[39m
    [33maria-describedby[39m=[32m"radix-:r5:"[39m
    [33maria-labelledby[39m=[32m"radix-:r4:"[39m
    [33mclass[39m=[32m"fixed left-[50%] top-[50%] z-50 grid w-full max-w-lg translate-x-[-50%] translate-y-[-50%] gap-4 border bg-background p-6 shadow-lg duration-200 data-[state=open]:animate-in data-[state=closed]:animate-out data-[state=closed]:fade-out-0 data-[state=open]:fade-in-0 data-[state=closed]:zoom-out-95 data-[state=open]:zoom-in-95 data-[state=closed]:slide-out-to-left-1/2 data-[state=closed]:slide-out-to-top-[48%] data-[state=open]:slide-in-from-left-1/2 data-[state=open]:slide-in-from-top-[48%] sm:rounded-lg"[39m
    [33mdat...

 Test Files  2 failed | 2 passed (4)
      Tests  4 failed | 3 passed (7)
   Start at  20:09:49
   Duration  2.45s (transform 413ms, setup 547ms, collect 1.31s, tests 1.23s, environment 1.66s, prepare 307ms)

